           1             1             1
 i j k T_e S_e rho_e C_e K_e flag T_dyn_flag
      100000
           1           1           1   0.0000000000000000        1.6596139346827479E-316   1.0000000000000000        1.0000000000000000        1.0000000000000000           0           0
